19:39:50.308 | INFO    | Flow run 'maize-manatee' - Beginning flow run 'maize-manatee' for flow 'Пайплайн оценки качества картирования E. coli'
19:39:50.344 | INFO    | Flow run 'maize-manatee' - View at https://app.prefect.cloud/account/07f8f0e4-7cf7-4926-8d57-15936627c820/workspace/6bd84a48-74a4-46eb-979b-2bf70ee3f882/runs/flow-run/06a20209-5b7e-74ce-8000-6ef2e3f80737
application/gzip
application/gzip
Started analysis of SRR2584863_1.fastq.gz
Approx 5% complete for SRR2584863_1.fastq.gz
Approx 10% complete for SRR2584863_1.fastq.gz
Approx 15% complete for SRR2584863_1.fastq.gz
Approx 20% complete for SRR2584863_1.fastq.gz
Approx 25% complete for SRR2584863_1.fastq.gz
Approx 30% complete for SRR2584863_1.fastq.gz
Approx 35% complete for SRR2584863_1.fastq.gz
Approx 40% complete for SRR2584863_1.fastq.gz
Approx 45% complete for SRR2584863_1.fastq.gz
Approx 50% complete for SRR2584863_1.fastq.gz
Approx 55% complete for SRR2584863_1.fastq.gz
Approx 60% complete for SRR2584863_1.fastq.gz
Approx 65% complete for SRR2584863_1.fastq.gz
Approx 70% complete for SRR2584863_1.fastq.gz
Approx 75% complete for SRR2584863_1.fastq.gz
Approx 80% complete for SRR2584863_1.fastq.gz
Approx 85% complete for SRR2584863_1.fastq.gz
Approx 90% complete for SRR2584863_1.fastq.gz
Approx 95% complete for SRR2584863_1.fastq.gz
Analysis complete for SRR2584863_1.fastq.gz
Started analysis of SRR2584863_2.fastq.gz
Approx 5% complete for SRR2584863_2.fastq.gz
Approx 10% complete for SRR2584863_2.fastq.gz
Approx 15% complete for SRR2584863_2.fastq.gz
Approx 20% complete for SRR2584863_2.fastq.gz
Approx 25% complete for SRR2584863_2.fastq.gz
Approx 30% complete for SRR2584863_2.fastq.gz
Approx 35% complete for SRR2584863_2.fastq.gz
Approx 40% complete for SRR2584863_2.fastq.gz
Approx 45% complete for SRR2584863_2.fastq.gz
Approx 50% complete for SRR2584863_2.fastq.gz
Approx 55% complete for SRR2584863_2.fastq.gz
Approx 60% complete for SRR2584863_2.fastq.gz
Approx 65% complete for SRR2584863_2.fastq.gz
Approx 70% complete for SRR2584863_2.fastq.gz
Approx 75% complete for SRR2584863_2.fastq.gz
Approx 80% complete for SRR2584863_2.fastq.gz
Approx 85% complete for SRR2584863_2.fastq.gz
Approx 90% complete for SRR2584863_2.fastq.gz
Approx 95% complete for SRR2584863_2.fastq.gz
Analysis complete for SRR2584863_2.fastq.gz
19:40:18.133 | INFO    | Task run 'FastQC-723' - Finished in state Completed()
19:43:15.311 | INFO    | Task run 'BWA MEM — картирование-474' - Finished in state Completed()
19:43:38.915 | INFO    | Task run 'samtools view — SAM→BAM-ea0' - Finished in state Completed()
19:43:41.000 | INFO    | Task run 'samtools flagstat — оценка-2b5' - Finished in state Completed()
19:43:41.022 | INFO    | Task run 'Оценка % картирования-0f4' - Finished in state Completed()
[bam_sort_core] merging from 1 files and 1 in-memory blocks...
19:44:13.098 | INFO    | Task run 'samtools sort-b24' - Finished in state Completed()
19:46:06.469 | INFO    | Task run 'FreeBayes — коллинг вариантов-9e1' - Finished in state Completed()
19:46:07.434 | INFO    | Flow run 'maize-manatee' - Finished in state Completed()
QC-отчёт сохранён: /home/aleks/ecoli_pipeline/results/fastqc/QC-report_SRR2584863.html
SAM файл создан: /home/aleks/ecoli_pipeline/results/sample.sam
BAM файл создан: /home/aleks/ecoli_pipeline/results/sample.bam
Flagstat сохранён: /home/aleks/ecoli_pipeline/results/flagstat.txt
% картированных ридов: 93.89%
Оценка: OK
Отсортированный BAM: /home/aleks/ecoli_pipeline/results/sample.sorted.bam
VCF файл создан: /home/aleks/ecoli_pipeline/results/sample.vcf
Finished
